0 verbose cli C:\Program Files\nodejs\node.exe C:\Program Files\nodejs\node_modules\npm\bin\npm-cli.js
1 info using npm@11.6.2
2 info using node@v24.12.0
3 silly config load:file:C:\Program Files\nodejs\node_modules\npm\npmrc
4 silly config load:file:C:\Users\DELL\OneDrive\Documentos\neogaming\backend\.npmrc
5 silly config load:file:C:\Users\DELL\.npmrc
6 silly config load:file:C:\Users\DELL\AppData\Roaming\npm\etc\npmrc
7 verbose title npm install cloudinary
8 verbose argv "install" "cloudinary"
9 verbose logfile logs-max:10 dir:C:\Users\DELL\OneDrive\Documentos\neogaming\backend\.npm-cache\_logs\2026-04-28T18_14_56_578Z-
10 verbose logfile C:\Users\DELL\OneDrive\Documentos\neogaming\backend\.npm-cache\_logs\2026-04-28T18_14_56_578Z-debug-0.log
11 silly logfile done cleaning log files
12 silly packumentCache heap:4496293888 maxSize:1124073472 maxEntrySize:562036736
13 verbose shrinkwrap failed to load node_modules/.package-lock.json out of date, updated: node_modules
14 silly idealTree buildDeps
15 silly fetch manifest cloudinary@*
16 silly packumentCache full:https://registry.npmjs.org/cloudinary cache-miss
17 http fetch GET 200 https://registry.npmjs.org/npm 3163ms
18 http fetch GET 200 https://registry.npmjs.org/cloudinary 2700ms (cache miss)
19 silly packumentCache full:https://registry.npmjs.org/cloudinary set size:undefined disposed:false
20 silly placeDep ROOT cloudinary@2.10.0 OK for: backend@1.0.0 want: *
21 silly fetch manifest lodash@^4.17.23
22 silly packumentCache full:https://registry.npmjs.org/lodash cache-miss
23 http fetch GET 200 https://registry.npmjs.org/lodash 284ms (cache miss)
24 silly packumentCache full:https://registry.npmjs.org/lodash set size:undefined disposed:false
25 silly placeDep ROOT lodash@4.18.1 REPLACE for: cloudinary@2.10.0 want: ^4.17.23
26 silly reify mark retired [
26 silly reify   'C:\\Users\\DELL\\OneDrive\\Documentos\\neogaming\\backend\\node_modules\\lodash'
26 silly reify ]
27 silly reify moves {
27 silly reify   'C:\\Users\\DELL\\OneDrive\\Documentos\\neogaming\\backend\\node_modules\\lodash': 'C:\\Users\\DELL\\OneDrive\\Documentos\\neogaming\\backend\\node_modules\\.lodash-4xHOGIrX'
27 silly reify }
28 silly audit bulk request {
28 silly audit   '@babel/code-frame': [ '7.27.1' ],
28 silly audit   '@babel/compat-data': [ '7.28.4' ],
28 silly audit   '@babel/core': [ '7.28.4' ],
28 silly audit   semver: [ '6.3.1', '7.7.3' ],
28 silly audit   '@babel/generator': [ '7.28.3' ],
28 silly audit   '@babel/helper-compilation-targets': [ '7.27.2' ],
28 silly audit   'lru-cache': [ '5.1.1', '10.4.3' ],
28 silly audit   yallist: [ '3.1.1' ],
28 silly audit   '@babel/helper-globals': [ '7.28.0' ],
28 silly audit   '@babel/helper-module-imports': [ '7.27.1' ],
28 silly audit   '@babel/helper-module-transforms': [ '7.28.3' ],
28 silly audit   '@babel/helper-plugin-utils': [ '7.27.1' ],
28 silly audit   '@babel/helper-string-parser': [ '7.27.1' ],
28 silly audit   '@babel/helper-validator-identifier': [ '7.28.5' ],
28 silly audit   '@babel/helper-validator-option': [ '7.27.1' ],
28 silly audit   '@babel/helpers': [ '7.28.4' ],
28 silly audit   '@babel/parser': [ '7.28.5' ],
28 silly audit   '@babel/plugin-syntax-async-generators': [ '7.8.4' ],
28 silly audit   '@babel/plugin-syntax-bigint': [ '7.8.3' ],
28 silly audit   '@babel/plugin-syntax-class-properties': [ '7.12.13' ],
28 silly audit   '@babel/plugin-syntax-class-static-block': [ '7.14.5' ],
28 silly audit   '@babel/plugin-syntax-import-attributes': [ '7.27.1' ],
28 silly audit   '@babel/plugin-syntax-import-meta': [ '7.10.4' ],
28 silly audit   '@babel/plugin-syntax-json-strings': [ '7.8.3' ],
28 silly audit   '@babel/plugin-syntax-jsx': [ '7.27.1' ],
28 silly audit   '@babel/plugin-syntax-logical-assignment-operators': [ '7.10.4' ],
28 silly audit   '@babel/plugin-syntax-nullish-coalescing-operator': [ '7.8.3' ],
28 silly audit   '@babel/plugin-syntax-numeric-separator': [ '7.10.4' ],
28 silly audit   '@babel/plugin-syntax-object-rest-spread': [ '7.8.3' ],
28 silly audit   '@babel/plugin-syntax-optional-catch-binding': [ '7.8.3' ],
28 silly audit   '@babel/plugin-syntax-optional-chaining': [ '7.8.3' ],
28 silly audit   '@babel/plugin-syntax-private-property-in-object': [ '7.14.5' ],
28 silly audit   '@babel/plugin-syntax-top-level-await': [ '7.14.5' ],
28 silly audit   '@babel/plugin-syntax-typescript': [ '7.27.1' ],
28 silly audit   '@babel/template': [ '7.27.2' ],
28 silly audit   '@babel/traverse': [ '7.28.4' ],
28 silly audit   '@babel/types': [ '7.28.5' ],
28 silly audit   '@bcoe/v8-coverage': [ '0.2.3' ],
28 silly audit   '@emnapi/core': [ '1.5.0' ],
28 silly audit   '@emnapi/runtime': [ '1.5.0' ],
28 silly audit   '@emnapi/wasi-threads': [ '1.1.0' ],
28 silly audit   '@isaacs/cliui': [ '8.0.2' ],
28 silly audit   'ansi-regex': [ '6.2.2', '5.0.1' ],
28 silly audit   'ansi-styles': [ '6.2.3', '4.3.0', '5.2.0' ],
28 silly audit   'emoji-regex': [ '9.2.2', '8.0.0' ],
28 silly audit   'string-width': [ '5.1.2', '4.2.3' ],
28 silly audit   'strip-ansi': [ '7.1.2', '6.0.1' ],
28 silly audit   'wrap-ansi': [ '8.1.0', '7.0.0' ],
28 silly audit   '@istanbuljs/load-nyc-config': [ '1.1.0' ],
28 silly audit   argparse: [ '1.0.10' ],
28 silly audit   camelcase: [ '5.3.1', '6.3.0' ],
28 silly audit   'find-up': [ '4.1.0' ],
28 silly audit   'js-yaml': [ '3.14.1' ],
28 silly audit   'locate-path': [ '5.0.0' ],
28 silly audit   'p-limit': [ '2.3.0', '3.1.0' ],
28 silly audit   'p-locate': [ '4.1.0' ],
28 silly audit   '@istanbuljs/schema': [ '0.1.3' ],
28 silly audit   '@jest/console': [ '30.2.0' ],
28 silly audit   '@jest/core': [ '30.2.0' ],
28 silly audit   '@jest/diff-sequences': [ '30.0.1' ],
28 silly audit   '@jest/environment': [ '30.2.0' ],
28 silly audit   '@jest/expect': [ '30.2.0' ],
28 silly audit   '@jest/expect-utils': [ '30.2.0' ],
28 silly audit   '@jest/fake-timers': [ '30.2.0' ],
28 silly audit   '@jest/get-type': [ '30.1.0' ],
28 silly audit   '@jest/globals': [ '30.2.0' ],
28 silly audit   '@jest/pattern': [ '30.0.1' ],
28 silly audit   '@jest/reporters': [ '30.2.0' ],
28 silly audit   'brace-expansion': [ '2.0.2', '1.1.12' ],
28 silly audit   glob: [ '10.4.5', '7.2.3' ],
28 silly audit   minimatch: [ '9.0.5', '3.1.2' ],
28 silly audit   '@jest/schemas': [ '30.0.5' ],
28 silly audit   '@jest/snapshot-utils': [ '30.2.0' ],
28 silly audit   '@jest/source-map': [ '30.0.1' ],
28 silly audit   '@jest/test-result': [ '30.2.0' ],
28 silly audit   '@jest/test-sequencer': [ '30.2.0' ],
28 silly audit   '@jest/transform': [ '30.2.0' ],
28 silly audit   'signal-exit': [ '4.1.0', '3.0.7' ],
28 silly audit   'write-file-atomic': [ '5.0.1' ],
28 silly audit   '@jest/types': [ '30.2.0' ],
28 silly audit   '@jridgewell/gen-mapping': [ '0.3.13' ],
28 silly audit   '@jridgewell/remapping': [ '2.3.5' ],
28 silly audit   '@jridgewell/resolve-uri': [ '3.1.2' ],
28 silly audit   '@jridgewell/sourcemap-codec': [ '1.5.5' ],
28 silly audit   '@jridgewell/trace-mapping': [ '0.3.31' ],
28 silly audit   '@napi-rs/wasm-runtime': [ '0.2.12' ],
28 silly audit   '@noble/hashes': [ '1.8.0' ],
28 silly audit   '@paralleldrive/cuid2': [ '2.2.2' ],
28 silly audit   '@pkgjs/parseargs': [ '0.11.0' ],
28 silly audit   '@pkgr/core': [ '0.2.9' ],
28 silly audit   '@sinclair/typebox': [ '0.34.41' ],
28 silly audit   '@sinonjs/commons': [ '3.0.1' ],
28 silly audit   '@sinonjs/fake-timers': [ '13.0.5' ],
28 silly audit   '@tybys/wasm-util': [ '0.10.1' ],
28 silly audit   '@types/babel__core': [ '7.20.5' ],
28 silly audit   '@types/babel__generator': [ '7.27.0' ],
28 silly audit   '@types/babel__template': [ '7.4.4' ],
28 silly audit   '@types/babel__traverse': [ '7.28.0' ],
28 silly audit   '@types/debug': [ '4.1.12' ],
28 silly audit   '@types/istanbul-lib-coverage': [ '2.0.6' ],
28 silly audit   '@types/istanbul-lib-report': [ '3.0.3' ],
28 silly audit   '@types/istanbul-reports': [ '3.0.4' ],
28 silly audit   '@types/ms': [ '2.1.0' ],
28 silly audit   '@types/node': [ '24.7.1' ],
28 silly audit   '@types/stack-utils': [ '2.0.3' ],
28 silly audit   '@types/validator': [ '13.15.10' ],
28 silly audit   '@types/yargs': [ '17.0.33' ],
28 silly audit   '@types/yargs-parser': [ '21.0.3' ],
28 silly audit   '@ungap/structured-clone': [ '1.3.0' ],
28 silly audit   '@unrs/resolver-binding-android-arm-eabi': [ '1.11.1' ],
28 silly audit   '@unrs/resolver-binding-android-arm64': [ '1.11.1' ],
28 silly audit   '@unrs/resolver-binding-darwin-arm64': [ '1.11.1' ],
28 silly audit   '@unrs/resolver-binding-darwin-x64': [ '1.11.1' ],
28 silly audit   '@unrs/resolver-binding-freebsd-x64': [ '1.11.1' ],
28 silly audit   '@unrs/resolver-binding-linux-arm-gnueabihf': [ '1.11.1' ],
28 silly audit   '@unrs/resolver-binding-linux-arm-musleabihf': [ '1.11.1' ],
28 silly audit   '@unrs/resolver-binding-linux-arm64-gnu': [ '1.11.1' ],
28 silly audit   '@unrs/resolver-binding-linux-arm64-musl': [ '1.11.1' ],
28 silly audit   '@unrs/resolver-binding-linux-ppc64-gnu': [ '1.11.1' ],
28 silly audit   '@unrs/resolver-binding-linux-riscv64-gnu': [ '1.11.1' ],
28 silly audit   '@unrs/resolver-binding-linux-riscv64-musl': [ '1.11.1' ],
28 silly audit   '@unrs/resolver-binding-linux-s390x-gnu': [ '1.11.1' ],
28 silly audit   '@unrs/resolver-binding-linux-x64-gnu': [ '1.11.1' ],
28 silly audit   '@unrs/resolver-binding-linux-x64-musl': [ '1.11.1' ],
28 silly audit   '@unrs/resolver-binding-wasm32-wasi': [ '1.11.1' ],
28 silly audit   '@unrs/resolver-binding-win32-arm64-msvc': [ '1.11.1' ],
28 silly audit   '@unrs/resolver-binding-win32-ia32-msvc': [ '1.11.1' ],
28 silly audit   '@unrs/resolver-binding-win32-x64-msvc': [ '1.11.1' ],
28 silly audit   '@vue/compiler-core': [ '3.5.25' ],
28 silly audit   entities: [ '4.5.0' ],
28 silly audit   '@vue/compiler-dom': [ '3.5.25' ],
28 silly audit   '@vue/compiler-sfc': [ '3.5.25' ],
28 silly audit   '@vue/compiler-ssr': [ '3.5.25' ],
28 silly audit   '@vue/reactivity': [ '3.5.25' ],
28 silly audit   '@vue/runtime-core': [ '3.5.25' ],
28 silly audit   '@vue/runtime-dom': [ '3.5.25' ],
28 silly audit   '@vue/server-renderer': [ '3.5.25' ],
28 silly audit   '@vue/shared': [ '3.5.25' ],
28 silly audit   accepts: [ '2.0.0' ],
28 silly audit   'ansi-escapes': [ '4.3.2' ],
28 silly audit   'type-fest': [ '0.21.3' ],
28 silly audit   anymatch: [ '3.1.3' ],
28 silly audit   'append-field': [ '1.0.0' ],
28 silly audit   asap: [ '2.0.6' ],
28 silly audit   asynckit: [ '0.4.0' ],
28 silly audit   'babel-jest': [ '30.2.0' ],
28 silly audit   'babel-plugin-istanbul': [ '7.0.1' ],
28 silly audit   'babel-plugin-jest-hoist': [ '30.2.0' ],
28 silly audit   'babel-preset-current-node-syntax': [ '1.2.0' ],
28 silly audit   'babel-preset-jest': [ '30.2.0' ],
28 silly audit   'balanced-match': [ '1.0.2' ],
28 silly audit   'baseline-browser-mapping': [ '2.8.16' ],
28 silly audit   bcrypt: [ '6.0.0' ],
28 silly audit   'binary-extensions': [ '2.3.0' ],
28 silly audit   'body-parser': [ '2.2.1' ],
28 silly audit   braces: [ '3.0.3' ],
28 silly audit   browserslist: [ '4.26.3' ],
28 silly audit   bser: [ '2.1.1' ],
28 silly audit   'buffer-equal-constant-time': [ '1.0.1' ],
28 silly audit   'buffer-from': [ '1.1.2' ],
28 silly audit   busboy: [ '1.6.0' ],
28 silly audit   bytes: [ '3.1.2' ],
28 silly audit   'call-bind-apply-helpers': [ '1.0.2' ],
28 silly audit   'call-bound': [ '1.0.4' ],
28 silly audit   callsites: [ '3.1.0' ],
28 silly audit   'caniuse-lite': [ '1.0.30001750' ],
28 silly audit   chalk: [ '4.1.2' ],
28 silly audit   'has-flag': [ '4.0.0', '3.0.0' ],
28 silly audit   'supports-color': [ '7.2.0', '8.1.1', '5.5.0' ],
28 silly audit   'char-regex': [ '1.0.2' ],
28 silly audit   chokidar: [ '3.6.0' ],
28 silly audit   'ci-info': [ '4.3.1' ],
28 silly audit   'cjs-module-lexer': [ '2.1.0' ],
28 silly audit   co: [ '4.6.0' ],
28 silly audit   'collect-v8-coverage': [ '1.0.3' ],
28 silly audit   'color-convert': [ '2.0.1' ],
28 silly audit   'color-name': [ '1.1.4' ],
28 silly audit   'combined-stream': [ '1.0.8' ],
28 silly audit   'component-emitter': [ '1.3.1' ],
28 silly audit   compressible: [ '2.0.18' ],
28 silly audit   compression: [ '1.8.1' ],
28 silly audit   debug: [ '2.6.9', '4.4.3' ],
28 silly audit   ms: [ '2.0.0', '2.1.3' ],
28 silly audit   negotiator: [ '0.6.4', '1.0.0' ],
28 silly audit   'concat-map': [ '0.0.1' ],
28 silly audit   'concat-stream': [ '2.0.0' ],
28 silly audit   'content-disposition': [ '1.0.1' ],
28 silly audit   'content-type': [ '1.0.5' ],
28 silly audit   'convert-source-map': [ '2.0.0' ],
28 silly audit   cookie: [ '0.7.2' ],
28 silly audit   'cookie-signature': [ '1.2.2' ],
28 silly audit   cookiejar: [ '2.1.4' ],
28 silly audit   cors: [ '2.8.5' ],
28 silly audit   csstype: [ '3.2.3' ],
28 silly audit   dedent: [ '1.7.0' ],
28 silly audit   deepmerge: [ '4.3.1' ],
28 silly audit   'delayed-stream': [ '1.0.0' ],
28 silly audit   depd: [ '2.0.0' ],
28 silly audit   'detect-newline': [ '3.1.0' ],
28 silly audit   dezalgo: [ '1.0.4' ],
28 silly audit   dotenv: [ '17.2.3' ],
28 silly audit   dottie: [ '2.0.6' ],
28 silly audit   'dunder-proto': [ '1.0.1' ],
28 silly audit   eastasianwidth: [ '0.2.0' ],
28 silly audit   'ecdsa-sig-formatter': [ '1.0.11' ],
28 silly audit   'ee-first': [ '1.1.1' ],
28 silly audit   'electron-to-chromium': [ '1.5.235' ],
28 silly audit   emittery: [ '0.13.1' ],
28 silly audit   encodeurl: [ '2.0.0' ],
28 silly audit   'error-ex': [ '1.3.4' ],
28 silly audit   'es-define-property': [ '1.0.1' ],
28 silly audit   'es-errors': [ '1.3.0' ],
28 silly audit   'es-object-atoms': [ '1.1.1' ],
28 silly audit   'es-set-tostringtag': [ '2.1.0' ],
28 silly audit   escalade: [ '3.2.0' ],
28 silly audit   'escape-html': [ '1.0.3' ],
28 silly audit   esprima: [ '4.0.1' ],
28 silly audit   'estree-walker': [ '2.0.2' ],
28 silly audit   etag: [ '1.8.1' ],
28 silly audit   'exit-x': [ '0.2.2' ],
28 silly audit   expect: [ '30.2.0' ],
28 silly audit   express: [ '5.1.0' ],
28 silly audit   'fast-json-stable-stringify': [ '2.1.0' ],
28 silly audit   'fast-safe-stringify': [ '2.1.1' ],
28 silly audit   'fb-watchman': [ '2.0.2' ],
28 silly audit   'fill-range': [ '7.1.1' ],
28 silly audit   finalhandler: [ '2.1.0' ],
28 silly audit   'foreground-child': [ '3.3.1' ],
28 silly audit   'cross-spawn': [ '7.0.6' ],
28 silly audit   'path-key': [ '3.1.1' ],
28 silly audit   'shebang-command': [ '2.0.0' ],
28 silly audit   'shebang-regex': [ '3.0.0' ],
28 silly audit   which: [ '2.0.2' ],
28 silly audit   'form-data': [ '4.0.4' ],
28 silly audit   'mime-db': [ '1.52.0', '1.54.0' ],
28 silly audit   'mime-types': [ '2.1.35', '3.0.2' ],
28 silly audit   formidable: [ '3.5.4' ],
28 silly audit   forwarded: [ '0.2.0' ],
28 silly audit   fresh: [ '2.0.0' ],
28 silly audit   'fs.realpath': [ '1.0.0' ],
28 silly audit   fsevents: [ '2.3.3' ],
28 silly audit   'function-bind': [ '1.1.2' ],
28 silly audit   gensync: [ '1.0.0-beta.2' ],
28 silly audit   'get-caller-file': [ '2.0.5' ],
28 silly audit   'get-intrinsic': [ '1.3.0' ],
28 silly audit   'get-package-type': [ '0.1.0' ],
28 silly audit   'get-proto': [ '1.0.1' ],
28 silly audit   'glob-parent': [ '5.1.2' ],
28 silly audit   gopd: [ '1.2.0' ],
28 silly audit   'graceful-fs': [ '4.2.11' ],
28 silly audit   'has-symbols': [ '1.1.0' ],
28 silly audit   'has-tostringtag': [ '1.0.2' ],
28 silly audit   hasown: [ '2.0.2' ],
28 silly audit   'html-escaper': [ '2.0.2' ],
28 silly audit   'http-errors': [ '2.0.1' ],
28 silly audit   'human-signals': [ '2.1.0' ],
28 silly audit   'iconv-lite': [ '0.7.0' ],
28 silly audit   'ignore-by-default': [ '1.0.1' ],
28 silly audit   'import-local': [ '3.2.0' ],
28 silly audit   'pkg-dir': [ '4.2.0' ],
28 silly audit   imurmurhash: [ '0.1.4' ],
28 silly audit   inflection: [ '1.13.4' ],
28 silly audit   inflight: [ '1.0.6' ],
28 silly audit   inherits: [ '2.0.4' ],
28 silly audit   'ipaddr.js': [ '1.9.1' ],
28 silly audit   'is-arrayish': [ '0.2.1' ],
28 silly audit   'is-binary-path': [ '2.1.0' ],
28 silly audit   'is-extglob': [ '2.1.1' ],
28 silly audit   'is-fullwidth-code-point': [ '3.0.0' ],
28 silly audit   'is-generator-fn': [ '2.1.0' ],
28 silly audit   'is-glob': [ '4.0.3' ],
28 silly audit   'is-number': [ '7.0.0' ],
28 silly audit   'is-promise': [ '4.0.0' ],
28 silly audit   isexe: [ '2.0.0' ],
28 silly audit   'istanbul-lib-coverage': [ '3.2.2' ],
28 silly audit   'istanbul-lib-instrument': [ '6.0.3' ],
28 silly audit   'istanbul-lib-report': [ '3.0.1' ],
28 silly audit   'make-dir': [ '4.0.0' ],
28 silly audit   'istanbul-lib-source-maps': [ '5.0.6' ],
28 silly audit   'istanbul-reports': [ '3.2.0' ],
28 silly audit   jackspeak: [ '3.4.3' ],
28 silly audit   jest: [ '30.2.0' ],
28 silly audit   'jest-changed-files': [ '30.2.0' ],
28 silly audit   execa: [ '5.1.1' ],
28 silly audit   'get-stream': [ '6.0.1' ],
28 silly audit   'is-stream': [ '2.0.1' ],
28 silly audit   'npm-run-path': [ '4.0.1' ],
28 silly audit   'jest-circus': [ '30.2.0' ],
28 silly audit   'jest-cli': [ '30.2.0' ],
28 silly audit   cliui: [ '8.0.1' ],
28 silly audit   yargs: [ '17.7.2' ],
28 silly audit   'yargs-parser': [ '21.1.1' ],
28 silly audit   'jest-config': [ '30.2.0' ],
28 silly audit   'jest-diff': [ '30.2.0' ],
28 silly audit   'jest-docblock': [ '30.2.0' ],
28 silly audit   'jest-each': [ '30.2.0' ],
28 silly audit   'jest-environment-node': [ '30.2.0' ],
28 silly audit   'jest-haste-map': [ '30.2.0' ],
28 silly audit   'jest-leak-detector': [ '30.2.0' ],
28 silly audit   'jest-matcher-utils': [ '30.2.0' ],
28 silly audit   'jest-message-util': [ '30.2.0' ],
28 silly audit   'jest-mock': [ '30.2.0' ],
28 silly audit   'jest-pnp-resolver': [ '1.2.3' ],
28 silly audit   'jest-regex-util': [ '30.0.1' ],
28 silly audit   'jest-resolve': [ '30.2.0' ],
28 silly audit   'jest-resolve-dependencies': [ '30.2.0' ],
28 silly audit   'jest-runner': [ '30.2.0' ],
28 silly audit   'source-map-support': [ '0.5.13' ],
28 silly audit   'jest-runtime': [ '30.2.0' ],
28 silly audit   'jest-snapshot': [ '30.2.0' ],
28 silly audit   'jest-util': [ '30.2.0' ],
28 silly audit   picomatch: [ '4.0.3', '2.3.1' ],
28 silly audit   'jest-validate': [ '30.2.0' ],
28 silly audit   'jest-watcher': [ '30.2.0' ],
28 silly audit   'jest-worker': [ '30.2.0' ],
28 silly audit   'js-tokens': [ '4.0.0' ],
28 silly audit   jsesc: [ '3.1.0' ],
28 silly audit   'json-parse-even-better-errors': [ '2.3.1' ],
28 silly audit   json5: [ '2.2.3' ],
28 silly audit   jsonwebtoken: [ '9.0.3' ],
28 silly audit   jwa: [ '2.0.1' ],
28 silly audit   jws: [ '4.0.1' ],
28 silly audit   leven: [ '3.1.0' ],
28 silly audit   'lines-and-columns': [ '1.2.4' ],
28 silly audit   'lodash.includes': [ '4.3.0' ],
28 silly audit   'lodash.isboolean': [ '3.0.3' ],
28 silly audit   'lodash.isinteger': [ '4.0.4' ],
28 silly audit   'lodash.isnumber': [ '3.0.3' ],
28 silly audit   'lodash.isplainobject': [ '4.0.6' ],
28 silly audit   'lodash.isstring': [ '4.0.1' ],
28 silly audit   'lodash.once': [ '4.1.1' ],
28 silly audit   'magic-string': [ '0.30.21' ],
28 silly audit   makeerror: [ '1.0.12' ],
28 silly audit   'math-intrinsics': [ '1.1.0' ],
28 silly audit   'media-typer': [ '1.1.0', '0.3.0' ],
28 silly audit   'merge-descriptors': [ '2.0.0' ],
28 silly audit   'merge-stream': [ '2.0.0' ],
28 silly audit   methods: [ '1.1.2' ],
28 silly audit   micromatch: [ '4.0.8' ],
28 silly audit   'mimic-fn': [ '2.1.0' ],
28 silly audit   minimist: [ '1.2.8' ],
28 silly audit   minipass: [ '7.1.2' ],
28 silly audit   mkdirp: [ '0.5.6' ],
28 silly audit   moment: [ '2.30.1' ],
28 silly audit   'moment-timezone': [ '0.5.48' ],
28 silly audit   multer: [ '2.0.2' ],
28 silly audit   'type-is': [ '1.6.18', '2.0.1' ],
28 silly audit   nanoid: [ '3.3.11' ],
28 silly audit   'napi-postinstall': [ '0.3.4' ],
28 silly audit   'natural-compare': [ '1.4.0' ],
28 silly audit   'node-addon-api': [ '8.5.0' ],
28 silly audit   'node-gyp-build': [ '4.8.4' ],
28 silly audit   'node-int64': [ '0.4.0' ],
28 silly audit   'node-releases': [ '2.0.23' ],
28 silly audit   nodemon: [ '3.1.11' ],
28 silly audit   'normalize-path': [ '3.0.0' ],
28 silly audit   'object-assign': [ '4.1.1' ],
28 silly audit   'object-inspect': [ '1.13.4' ],
28 silly audit   'on-finished': [ '2.4.1' ],
28 silly audit   'on-headers': [ '1.1.0' ],
28 silly audit   once: [ '1.4.0' ],
28 silly audit   onetime: [ '5.1.2' ],
28 silly audit   'p-try': [ '2.2.0' ],
28 silly audit   'package-json-from-dist': [ '1.0.1' ],
28 silly audit   'parse-json': [ '5.2.0' ],
28 silly audit   parseurl: [ '1.3.3' ],
28 silly audit   'path-exists': [ '4.0.0' ],
28 silly audit   'path-is-absolute': [ '1.0.1' ],
28 silly audit   'path-scurry': [ '1.11.1' ],
28 silly audit   'path-to-regexp': [ '8.3.0' ],
28 silly audit   pg: [ '8.16.3' ],
28 silly audit   'pg-cloudflare': [ '1.2.7' ],
28 silly audit   'pg-connection-string': [ '2.9.1' ],
28 silly audit   'pg-int8': [ '1.0.1' ],
28 silly audit   'pg-pool': [ '3.10.1' ],
28 silly audit   'pg-protocol': [ '1.10.3' ],
28 silly audit   'pg-types': [ '2.2.0' ],
28 silly audit   pgpass: [ '1.0.5' ],
28 silly audit   picocolors: [ '1.1.1' ],
28 silly audit   pirates: [ '4.0.7' ],
28 silly audit   postcss: [ '8.5.6' ],
28 silly audit   'postgres-array': [ '2.0.0' ],
28 silly audit   'postgres-bytea': [ '1.0.0' ],
28 silly audit   'postgres-date': [ '1.0.7' ],
28 silly audit   'postgres-interval': [ '1.2.0' ],
28 silly audit   'pretty-format': [ '30.2.0' ],
28 silly audit   'proxy-addr': [ '2.0.7' ],
28 silly audit   'pstree.remy': [ '1.1.8' ],
28 silly audit   'pure-rand': [ '7.0.1' ],
28 silly audit   qs: [ '6.14.0' ],
28 silly audit   'range-parser': [ '1.2.1' ],
28 silly audit   'raw-body': [ '3.0.2' ],
28 silly audit   'react-is': [ '18.3.1' ],
28 silly audit   'readable-stream': [ '3.6.2' ],
28 silly audit   readdirp: [ '3.6.0' ],
28 silly audit   'require-directory': [ '2.1.1' ],
28 silly audit   'resolve-cwd': [ '3.0.0' ],
28 silly audit   'resolve-from': [ '5.0.0' ],
28 silly audit   'retry-as-promised': [ '7.1.1' ],
28 silly audit   router: [ '2.2.0' ],
28 silly audit   'safe-buffer': [ '5.2.1' ],
28 silly audit   'safer-buffer': [ '2.1.2' ],
28 silly audit   send: [ '1.2.0' ],
28 silly audit   sequelize: [ '6.37.7' ],
28 silly audit   'sequelize-pool': [ '7.1.0' ],
28 silly audit   'serve-static': [ '2.2.0' ],
28 silly audit   setprototypeof: [ '1.2.0' ],
28 silly audit   'side-channel': [ '1.1.0' ],
28 silly audit   'side-channel-list': [ '1.0.0' ],
28 silly audit   'side-channel-map': [ '1.0.1' ],
28 silly audit   'side-channel-weakmap': [ '1.0.2' ],
28 silly audit   'simple-update-notifier': [ '2.0.0' ],
28 silly audit   slash: [ '3.0.0' ],
28 silly audit   'source-map': [ '0.6.1' ],
28 silly audit   'source-map-js': [ '1.2.1' ],
28 silly audit   split2: [ '4.2.0' ],
28 silly audit   'sprintf-js': [ '1.0.3' ],
28 silly audit   'stack-utils': [ '2.0.6' ],
28 silly audit   'escape-string-regexp': [ '2.0.0' ],
28 silly audit   statuses: [ '2.0.2' ],
28 silly audit   streamsearch: [ '1.1.0' ],
28 silly audit   string_decoder: [ '1.3.0' ],
28 silly audit   'string-length': [ '4.0.2' ],
28 silly audit   'strip-bom': [ '4.0.0' ],
28 silly audit   'strip-final-newline': [ '2.0.0' ],
28 silly audit   'strip-json-comments': [ '3.1.1' ],
28 silly audit   superagent: [ '10.2.3' ],
28 silly audit   mime: [ '2.6.0' ],
28 silly audit   supertest: [ '7.1.4' ],
28 silly audit   synckit: [ '0.11.11' ],
28 silly audit   'test-exclude': [ '6.0.0' ],
28 silly audit   tmpl: [ '1.0.5' ],
28 silly audit   'to-regex-range': [ '5.0.1' ],
28 silly audit   toidentifier: [ '1.0.1' ],
28 silly audit   'toposort-class': [ '1.0.1' ],
28 silly audit   touch: [ '3.1.1' ],
28 silly audit   tslib: [ '2.8.1' ],
28 silly audit   'type-detect': [ '4.0.8' ],
28 silly audit   typedarray: [ '0.0.6' ],
28 silly audit   undefsafe: [ '2.0.5' ],
28 silly audit   'undici-types': [ '7.14.0' ],
28 silly audit   unpipe: [ '1.0.0' ],
28 silly audit   'unrs-resolver': [ '1.11.1' ],
28 silly audit   'update-browserslist-db': [ '1.1.3' ],
28 silly audit   'util-deprecate': [ '1.0.2' ],
28 silly audit   uuid: [ '8.3.2' ],
28 silly audit   'v8-to-istanbul': [ '9.3.0' ],
28 silly audit   validator: [ '13.15.23' ],
28 silly audit   vary: [ '1.1.2' ],
28 silly audit   vue: [ '3.5.25' ],
28 silly audit   walker: [ '1.0.8' ],
28 silly audit   wkx: [ '0.5.0' ],
28 silly audit   wrappy: [ '1.0.2' ],
28 silly audit   xtend: [ '4.0.2' ],
28 silly audit   y18n: [ '5.0.8' ],
28 silly audit   'yocto-queue': [ '0.1.0' ],
28 silly audit   cloudinary: [ '2.10.0' ],
28 silly audit   lodash: [ '4.18.1' ]
28 silly audit }
29 http cache lodash@https://registry.npmjs.org/lodash/-/lodash-4.18.1.tgz 0ms (cache hit)
30 http cache cloudinary@https://registry.npmjs.org/cloudinary/-/cloudinary-2.10.0.tgz 0ms (cache hit)
31 silly tarball no local data for lodash@https://registry.npmjs.org/lodash/-/lodash-4.18.1.tgz. Extracting by manifest.
32 silly tarball no local data for cloudinary@https://registry.npmjs.org/cloudinary/-/cloudinary-2.10.0.tgz. Extracting by manifest.
33 http fetch POST 200 https://registry.npmjs.org/-/npm/v1/security/advisories/bulk 552ms
34 silly audit report {
34 silly audit report   'js-yaml': [
34 silly audit report     {
34 silly audit report       id: 1112714,
34 silly audit report       url: 'https://github.com/advisories/GHSA-mh29-5h37-fv8m',
34 silly audit report       title: 'js-yaml has prototype pollution in merge (<<)',
34 silly audit report       severity: 'moderate',
34 silly audit report       vulnerable_versions: '<3.14.2',
34 silly audit report       cwe: [Array],
34 silly audit report       cvss: [Object]
34 silly audit report     }
34 silly audit report   ],
34 silly audit report   'brace-expansion': [
34 silly audit report     {
34 silly audit report       id: 1115540,
34 silly audit report       url: 'https://github.com/advisories/GHSA-f886-m6hf-6m8v',
34 silly audit report       title: 'brace-expansion: Zero-step sequence causes process hang and memory exhaustion',
34 silly audit report       severity: 'moderate',
34 silly audit report       vulnerable_versions: '<1.1.13',
34 silly audit report       cwe: [Array],
34 silly audit report       cvss: [Object]
34 silly audit report     },
34 silly audit report     {
34 silly audit report       id: 1115541,
34 silly audit report       url: 'https://github.com/advisories/GHSA-f886-m6hf-6m8v',
34 silly audit report       title: 'brace-expansion: Zero-step sequence causes process hang and memory exhaustion',
34 silly audit report       severity: 'moderate',
34 silly audit report       vulnerable_versions: '>=2.0.0 <2.0.3',
34 silly audit report       cwe: [Array],
34 silly audit report       cvss: [Object]
34 silly audit report     }
34 silly audit report   ],
34 silly audit report   glob: [
34 silly audit report     {
34 silly audit report       id: 1109842,
34 silly audit report       url: 'https://github.com/advisories/GHSA-5j98-mcp5-4vw2',
34 silly audit report       title: 'glob CLI: Command injection via -c/--cmd executes matches with shell:true',
34 silly audit report       severity: 'high',
34 silly audit report       vulnerable_versions: '>=10.2.0 <10.5.0',
34 silly audit report       cwe: [Array],
34 silly audit report       cvss: [Object]
34 silly audit report     }
34 silly audit report   ],
34 silly audit report   minimatch: [
34 silly audit report     {
34 silly audit report       id: 1113459,
34 silly audit report       url: 'https://github.com/advisories/GHSA-3ppc-4f35-3m26',
34 silly audit report       title: 'minimatch has a ReDoS via repeated wildcards with non-matching literal in pattern',
34 silly audit report       severity: 'high',
34 silly audit report       vulnerable_versions: '<3.1.3',
34 silly audit report       cwe: [Array],
34 silly audit report       cvss: [Object]
34 silly audit report     },
34 silly audit report     {
34 silly audit report       id: 1113465,
34 silly audit report       url: 'https://github.com/advisories/GHSA-3ppc-4f35-3m26',
34 silly audit report       title: 'minimatch has a ReDoS via repeated wildcards with non-matching literal in pattern',
34 silly audit report       severity: 'high',
34 silly audit report       vulnerable_versions: '>=9.0.0 <9.0.6',
34 silly audit report       cwe: [Array],
34 silly audit report       cvss: [Object]
34 silly audit report     },
34 silly audit report     {
34 silly audit report       id: 1113538,
34 silly audit report       url: 'https://github.com/advisories/GHSA-7r86-cg39-jmmj',
34 silly audit report       title: 'minimatch has ReDoS: matchOne() combinatorial backtracking via multiple non-adjacent GLOBSTAR segments',
34 silly audit report       severity: 'high',
34 silly audit report       vulnerable_versions: '<3.1.3',
34 silly audit report       cwe: [Array],
34 silly audit report       cvss: [Object]
34 silly audit report     },
34 silly audit report     {
34 silly audit report       id: 1113544,
34 silly audit report       url: 'https://github.com/advisories/GHSA-7r86-cg39-jmmj',
34 silly audit report       title: 'minimatch has ReDoS: matchOne() combinatorial backtracking via multiple non-adjacent GLOBSTAR segments',
34 silly audit report       severity: 'high',
34 silly audit report       vulnerable_versions: '>=9.0.0 <9.0.7',
34 silly audit report       cwe: [Array],
34 silly audit report       cvss: [Object]
34 silly audit report     },
34 silly audit report     {
34 silly audit report       id: 1113546,
34 silly audit report       url: 'https://github.com/advisories/GHSA-23c5-xmqv-rm74',
34 silly audit report       title: 'minimatch ReDoS: nested *() extglobs generate catastrophically backtracking regular expressions',
34 silly audit report       severity: 'high',
34 silly audit report       vulnerable_versions: '<3.1.4',
34 silly audit report       cwe: [Array],
34 silly audit report       cvss: [Object]
34 silly audit report     },
34 silly audit report     {
34 silly audit report       id: 1113552,
34 silly audit report       url: 'https://github.com/advisories/GHSA-23c5-xmqv-rm74',
34 silly audit report       title: 'minimatch ReDoS: nested *() extglobs generate catastrophically backtracking regular expressions',
34 silly audit report       severity: 'high',
34 silly audit report       vulnerable_versions: '>=9.0.0 <9.0.7',
34 silly audit report       cwe: [Array],
34 silly audit report       cvss: [Object]
34 silly audit report     }
34 silly audit report   ],
34 silly audit report   dottie: [
34 silly audit report     {
34 silly audit report       id: 1113536,
34 silly audit report       url: 'https://github.com/advisories/GHSA-r5mx-6wc6-7h9w',
34 silly audit report       title: 'dottie is vulnerable to Prototype Pollution bypass via non-first path segments in set() and transform()',
34 silly audit report       severity: 'moderate',
34 silly audit report       vulnerable_versions: '>=2.0.4 <=2.0.6',
34 silly audit report       cwe: [Array],
34 silly audit report       cvss: [Object]
34 silly audit report     }
34 silly audit report   ],
34 silly audit report   picomatch: [
34 silly audit report     {
34 silly audit report       id: 1115549,
34 silly audit report       url: 'https://github.com/advisories/GHSA-3v7f-55p6-f55p',
34 silly audit report       title: 'Picomatch: Method Injection in POSIX Character Classes causes incorrect Glob Matching',
34 silly audit report       severity: 'moderate',
34 silly audit report       vulnerable_versions: '<2.3.2',
34 silly audit report       cwe: [Array],
34 silly audit report       cvss: [Object]
34 silly audit report     },
34 silly audit report     {
34 silly audit report       id: 1115551,
34 silly audit report       url: 'https://github.com/advisories/GHSA-3v7f-55p6-f55p',
34 silly audit report       title: 'Picomatch: Method Injection in POSIX Character Classes causes incorrect Glob Matching',
34 silly audit report       severity: 'moderate',
34 silly audit report       vulnerable_versions: '>=4.0.0 <4.0.4',
34 silly audit report       cwe: [Array],
34 silly audit report       cvss: [Object]
34 silly audit report     },
34 silly audit report     {
34 silly audit report       id: 1115552,
34 silly audit report       url: 'https://github.com/advisories/GHSA-c2c7-rcm5-vvqj',
34 silly audit report       title: 'Picomatch has a ReDoS vulnerability via extglob quantifiers',
34 silly audit report       severity: 'high',
34 silly audit report       vulnerable_versions: '<2.3.2',
34 silly audit report       cwe: [Array],
34 silly audit report       cvss: [Object]
34 silly audit report     },
34 silly audit report     {
34 silly audit report       id: 1115554,
34 silly audit report       url: 'https://github.com/advisories/GHSA-c2c7-rcm5-vvqj',
34 silly audit report       title: 'Picomatch has a ReDoS vulnerability via extglob quantifiers',
34 silly audit report       severity: 'high',
34 silly audit report       vulnerable_versions: '>=4.0.0 <4.0.4',
34 silly audit report       cwe: [Array],
34 silly audit report       cvss: [Object]
34 silly audit report     }
34 silly audit report   ],
34 silly audit report   multer: [
34 silly audit report     {
34 silly audit report       id: 1113635,
34 silly audit report       url: 'https://github.com/advisories/GHSA-xf7r-hgr6-v32p',
34 silly audit report       title: 'Multer vulnerable to Denial of Service via incomplete cleanup',
34 silly audit report       severity: 'high',
34 silly audit report       vulnerable_versions: '<2.1.0',
34 silly audit report       cwe: [Array],
34 silly audit report       cvss: [Object]
34 silly audit report     },
34 silly audit report     {
34 silly audit report       id: 1113636,
34 silly audit report       url: 'https://github.com/advisories/GHSA-v52c-386h-88mc',
34 silly audit report       title: 'Multer vulnerable to Denial of Service via resource exhaustion',
34 silly audit report       severity: 'high',
34 silly audit report       vulnerable_versions: '<2.1.0',
34 silly audit report       cwe: [Array],
34 silly audit report       cvss: [Object]
34 silly audit report     },
34 silly audit report     {
34 silly audit report       id: 1113996,
34 silly audit report       url: 'https://github.com/advisories/GHSA-5528-5vmv-3xc2',
34 silly audit report       title: 'Multer Vulnerable to Denial of Service via Uncontrolled Recursion',
34 silly audit report       severity: 'high',
34 silly audit report       vulnerable_versions: '<2.1.1',
34 silly audit report       cwe: [Array],
34 silly audit report       cvss: [Object]
34 silly audit report     }
34 silly audit report   ],
34 silly audit report   'path-to-regexp': [
34 silly audit report     {
34 silly audit report       id: 1115573,
34 silly audit report       url: 'https://github.com/advisories/GHSA-j3q9-mxjg-w52f',
34 silly audit report       title: 'path-to-regexp vulnerable to Denial of Service via sequential optional groups',
34 silly audit report       severity: 'high',
34 silly audit report       vulnerable_versions: '>=8.0.0 <8.4.0',
34 silly audit report       cwe: [Array],
34 silly audit report       cvss: [Object]
34 silly audit report     },
34 silly audit report     {
34 silly audit report       id: 1115582,
34 silly audit report       url: 'https://github.com/advisories/GHSA-27v5-c462-wpq7',
34 silly audit report       title: 'path-to-regexp vulnerable to Regular Expression Denial of Service via multiple wildcards',
34 silly audit report       severity: 'moderate',
34 silly audit report       vulnerable_versions: '>=8.0.0 <8.4.0',
34 silly audit report       cwe: [Array],
34 silly audit report       cvss: [Object]
34 silly audit report     }
34 silly audit report   ],
34 silly audit report   postcss: [
34 silly audit report     {
34 silly audit report       id: 1117015,
34 silly audit report       url: 'https://github.com/advisories/GHSA-qx2v-qp2m-jg93',
34 silly audit report       title: 'PostCSS has XSS via Unescaped </style> in its CSS Stringify Output',
34 silly audit report       severity: 'moderate',
34 silly audit report       vulnerable_versions: '<8.5.10',
34 silly audit report       cwe: [Array],
34 silly audit report       cvss: [Object]
34 silly audit report     }
34 silly audit report   ],
34 silly audit report   qs: [
34 silly audit report     {
34 silly audit report       id: 1113161,
34 silly audit report       url: 'https://github.com/advisories/GHSA-w7fw-mjwx-w883',
34 silly audit report       title: "qs's arrayLimit bypass in comma parsing allows denial of service",
34 silly audit report       severity: 'low',
34 silly audit report       vulnerable_versions: '>=6.7.0 <=6.14.1',
34 silly audit report       cwe: [Array],
34 silly audit report       cvss: [Object]
34 silly audit report     },
34 silly audit report     {
34 silly audit report       id: 1113719,
34 silly audit report       url: 'https://github.com/advisories/GHSA-6rw7-vpxm-498p',
34 silly audit report       title: "qs's arrayLimit bypass in its bracket notation allows DoS via memory exhaustion",
34 silly audit report       severity: 'moderate',
34 silly audit report       vulnerable_versions: '<6.14.1',
34 silly audit report       cwe: [Array],
34 silly audit report       cvss: [Object]
34 silly audit report     }
34 silly audit report   ],
34 silly audit report   sequelize: [
34 silly audit report     {
34 silly audit report       id: 1114318,
34 silly audit report       url: 'https://github.com/advisories/GHSA-6457-6jrx-69cr',
34 silly audit report       title: 'Sequelize v6 Vulnerable to SQL Injection via JSON Column Cast Type',
34 silly audit report       severity: 'high',
34 silly audit report       vulnerable_versions: '>=6.0.0-beta.1 <=6.37.7',
34 silly audit report       cwe: [Array],
34 silly audit report       cvss: [Object]
34 silly audit report     }
34 silly audit report   ],
34 silly audit report   uuid: [
34 silly audit report     {
34 silly audit report       id: 1116970,
34 silly audit report       url: 'https://github.com/advisories/GHSA-w5hq-g745-h8pq',
34 silly audit report       title: 'uuid: Missing buffer bounds check in v3/v5/v6 when buf is provided',
34 silly audit report       severity: 'moderate',
34 silly audit report       vulnerable_versions: '<14.0.0',
34 silly audit report       cwe: [Array],
34 silly audit report       cvss: [Object]
34 silly audit report     }
34 silly audit report   ]
34 silly audit report }
35 silly packumentCache corgi:https://registry.npmjs.org/js-yaml cache-miss
36 silly packumentCache corgi:https://registry.npmjs.org/brace-expansion cache-miss
37 silly packumentCache corgi:https://registry.npmjs.org/glob cache-miss
38 silly packumentCache corgi:https://registry.npmjs.org/minimatch cache-miss
39 silly packumentCache corgi:https://registry.npmjs.org/dottie cache-miss
40 silly packumentCache corgi:https://registry.npmjs.org/picomatch cache-miss
41 silly packumentCache corgi:https://registry.npmjs.org/multer cache-miss
42 silly packumentCache corgi:https://registry.npmjs.org/path-to-regexp cache-miss
43 silly packumentCache corgi:https://registry.npmjs.org/postcss cache-miss
44 silly packumentCache corgi:https://registry.npmjs.org/qs cache-miss
45 silly packumentCache corgi:https://registry.npmjs.org/sequelize cache-miss
46 silly packumentCache corgi:https://registry.npmjs.org/uuid cache-miss
47 http fetch GET 200 https://registry.npmjs.org/js-yaml 578ms (cache miss)
48 silly packumentCache corgi:https://registry.npmjs.org/js-yaml set size:undefined disposed:false
49 http fetch GET 200 https://registry.npmjs.org/picomatch 1886ms (cache miss)
50 silly packumentCache corgi:https://registry.npmjs.org/picomatch set size:undefined disposed:false
51 http fetch GET 200 https://registry.npmjs.org/cloudinary/-/cloudinary-2.10.0.tgz 2760ms (cache miss)
52 http fetch GET 200 https://registry.npmjs.org/brace-expansion 3285ms (cache miss)
53 silly packumentCache corgi:https://registry.npmjs.org/brace-expansion set size:undefined disposed:false
54 http fetch GET 200 https://registry.npmjs.org/uuid 3357ms (cache miss)
55 silly packumentCache corgi:https://registry.npmjs.org/uuid set size:undefined disposed:false
56 http fetch GET 200 https://registry.npmjs.org/path-to-regexp 3657ms (cache miss)
57 silly packumentCache corgi:https://registry.npmjs.org/path-to-regexp set size:undefined disposed:false
58 http fetch GET 200 https://registry.npmjs.org/multer 3784ms (cache miss)
59 silly packumentCache corgi:https://registry.npmjs.org/multer set size:undefined disposed:false
60 http fetch GET 200 https://registry.npmjs.org/glob 3959ms (cache miss)
61 silly packumentCache corgi:https://registry.npmjs.org/glob set size:undefined disposed:false
62 http fetch GET 200 https://registry.npmjs.org/minimatch 4053ms (cache miss)
63 silly packumentCache corgi:https://registry.npmjs.org/minimatch set size:undefined disposed:false
64 http fetch GET 200 https://registry.npmjs.org/dottie 4170ms (cache miss)
65 silly packumentCache corgi:https://registry.npmjs.org/dottie set size:undefined disposed:false
66 http fetch GET 200 https://registry.npmjs.org/sequelize 4322ms (cache miss)
67 silly packumentCache corgi:https://registry.npmjs.org/sequelize set size:undefined disposed:false
68 http fetch GET 200 https://registry.npmjs.org/qs 4512ms (cache miss)
69 silly packumentCache corgi:https://registry.npmjs.org/qs set size:undefined disposed:false
70 http fetch GET 200 https://registry.npmjs.org/postcss 4848ms (cache miss)
71 silly packumentCache corgi:https://registry.npmjs.org/postcss set size:undefined disposed:false
72 silly packumentCache corgi:https://registry.npmjs.org/@istanbuljs%2fload-nyc-config cache-miss
73 http fetch GET 200 https://registry.npmjs.org/@istanbuljs%2fload-nyc-config 155ms (cache miss)
74 silly packumentCache corgi:https://registry.npmjs.org/@istanbuljs%2fload-nyc-config set size:undefined disposed:false
75 silly packumentCache corgi:https://registry.npmjs.org/@jest%2freporters cache-miss
76 silly packumentCache corgi:https://registry.npmjs.org/jest-config cache-miss
77 silly packumentCache corgi:https://registry.npmjs.org/jest-runtime cache-miss
78 http fetch GET 200 https://registry.npmjs.org/@jest%2freporters 611ms (cache miss)
79 silly packumentCache corgi:https://registry.npmjs.org/@jest%2freporters set size:undefined disposed:false
80 http fetch GET 200 https://registry.npmjs.org/jest-config 997ms (cache miss)
81 silly packumentCache corgi:https://registry.npmjs.org/jest-config set size:undefined disposed:false
82 http fetch GET 200 https://registry.npmjs.org/jest-runtime 1076ms (cache miss)
83 silly packumentCache corgi:https://registry.npmjs.org/jest-runtime set size:undefined disposed:false
84 silly packumentCache corgi:https://registry.npmjs.org/nodemon cache-miss
85 silly packumentCache corgi:https://registry.npmjs.org/test-exclude cache-miss
86 http fetch GET 200 https://registry.npmjs.org/test-exclude 859ms (cache miss)
87 silly packumentCache corgi:https://registry.npmjs.org/test-exclude set size:undefined disposed:false
88 http fetch GET 200 https://registry.npmjs.org/nodemon 980ms (cache miss)
89 silly packumentCache corgi:https://registry.npmjs.org/nodemon set size:undefined disposed:false
90 silly packumentCache corgi:https://registry.npmjs.org/anymatch cache-miss
91 silly packumentCache corgi:https://registry.npmjs.org/micromatch cache-miss
92 silly packumentCache corgi:https://registry.npmjs.org/readdirp cache-miss
93 http fetch GET 200 https://registry.npmjs.org/anymatch 150ms (cache miss)
94 silly packumentCache corgi:https://registry.npmjs.org/anymatch set size:undefined disposed:false
95 http fetch GET 200 https://registry.npmjs.org/readdirp 182ms (cache miss)
96 silly packumentCache corgi:https://registry.npmjs.org/readdirp set size:undefined disposed:false
97 http fetch GET 200 https://registry.npmjs.org/micromatch 202ms (cache miss)
98 silly packumentCache corgi:https://registry.npmjs.org/micromatch set size:undefined disposed:false
99 silly packumentCache corgi:https://registry.npmjs.org/jest-util cache-miss
100 http fetch GET 200 https://registry.npmjs.org/jest-util 284ms (cache miss)
101 silly packumentCache corgi:https://registry.npmjs.org/jest-util set size:undefined disposed:false
102 silly packumentCache corgi:https://registry.npmjs.org/router cache-miss
103 http fetch GET 200 https://registry.npmjs.org/router 134ms (cache miss)
104 silly packumentCache corgi:https://registry.npmjs.org/router set size:undefined disposed:false
105 silly packumentCache corgi:https://registry.npmjs.org/@vue%2fcompiler-sfc cache-miss
106 http fetch GET 200 https://registry.npmjs.org/@vue%2fcompiler-sfc 398ms (cache miss)
107 silly packumentCache corgi:https://registry.npmjs.org/@vue%2fcompiler-sfc set size:undefined disposed:false
108 silly packumentCache corgi:https://registry.npmjs.org/body-parser cache-miss
109 silly packumentCache corgi:https://registry.npmjs.org/express cache-miss
110 silly packumentCache corgi:https://registry.npmjs.org/superagent cache-miss
111 http fetch GET 200 https://registry.npmjs.org/body-parser 224ms (cache miss)
112 silly packumentCache corgi:https://registry.npmjs.org/body-parser set size:undefined disposed:false
113 http fetch GET 200 https://registry.npmjs.org/express 347ms (cache miss)
114 silly packumentCache corgi:https://registry.npmjs.org/express set size:undefined disposed:false
115 http fetch GET 200 https://registry.npmjs.org/superagent 393ms (cache miss)
116 silly packumentCache corgi:https://registry.npmjs.org/superagent set size:undefined disposed:false
117 http fetch GET 200 https://registry.npmjs.org/lodash/-/lodash-4.18.1.tgz 17738ms (cache miss)
118 silly ADD node_modules/cloudinary
119 silly CHANGE node_modules/lodash
120 verbose cwd C:\Users\DELL\OneDrive\Documentos\neogaming\backend
121 verbose os Windows_NT 10.0.26200
122 verbose node v24.12.0
123 verbose npm  v11.6.2
124 notice
124 notice New minor version of npm available! 11.6.2 -> 11.13.0
124 notice Changelog: https://github.com/npm/cli/releases/tag/v11.13.0
124 notice To update run: npm install -g npm@11.13.0
124 notice  { force: true, Symbol(proc-log.meta): true }
125 verbose exit 0
126 info ok
